
Xvnc TigerVNC 1.12.0 - built 2022-03-25 17:06
Copyright (C) 1999-2021 TigerVNC Team and many others (see README.rst)
See https://www.tigervnc.org for information on TigerVNC.
Underlying X server release 12101003, X.Org


Wed May 31 16:27:06 2023
 vncext:      VNC extension running!
 vncext:      Listening for VNC connections on local interface(s), port 5900
 vncext:      created VNC server for screen 0
3NI3X0 New Xtigervnc server 'leftsecond-princevenus:0 (codio)' on port 5900 for display :0.
3NI3X0 Use xtigervncviewer -SecurityTypes None :0 to connect to the VNC server.
[mi] mieq: warning: overriding existing handler (nil) with 0x55598dd7d400 for event 2
[mi] mieq: warning: overriding existing handler (nil) with 0x55598dd7d400 for event 3
Openbox-Message: Unable to find a valid menu file "/var/lib/openbox/debian-menu.xml"

Wed May 31 16:28:12 2023
 ComparingUpdateTracker: 0 pixels in / 0 pixels out
 ComparingUpdateTracker: (1:-nan ratio)
X connection to :0 broken (explicit kill or server shutdown).
The X session exited with status 1!
Killing Xtigervnc process ID 3126... success!

Xvnc TigerVNC 1.12.0 - built 2022-03-25 17:06
Copyright (C) 1999-2021 TigerVNC Team and many others (see README.rst)
See https://www.tigervnc.org for information on TigerVNC.
Underlying X server release 12101003, X.Org


Wed May 31 16:28:16 2023
 vncext:      VNC extension running!
 vncext:      Listening for VNC connections on local interface(s), port 5900
 vncext:      created VNC server for screen 0
3NI3X0 New Xtigervnc server 'leftsecond-princevenus:0 (codio)' on port 5900 for display :0.
3NI3X0 Use xtigervncviewer -SecurityTypes None :0 to connect to the VNC server.
[mi] mieq: warning: overriding existing handler (nil) with 0x56377165e400 for event 2
[mi] mieq: warning: overriding existing handler (nil) with 0x56377165e400 for event 3
Openbox-Message: Unable to find a valid menu file "/var/lib/openbox/debian-menu.xml"

Wed May 31 16:29:19 2023
 ComparingUpdateTracker: 0 pixels in / 0 pixels out
 ComparingUpdateTracker: (1:-nan ratio)
X connection to :0 broken (explicit kill or server shutdown).
The Xtigervnc server cleanly exited!
