2026/05/30 16:41:32 [codio-tools] Running command: /usr/share/codio-tools/codio-tools terminal 5591
2026/05/30 16:41:32 [codio-tools] Command finished: /usr/share/codio-tools/codio-tools terminal 5591
2026/05/30 16:41:32 [codio-tools] Running command: /usr/share/codio-tools/codio-tools terminal 5591
2026/05/30 16:41:33 [codio-tools] init terminal-cnVuIGl0ISEh
2026/05/30 16:42:08 [codio-tools] terminal-cnVuIGl0ISEh was destroyed
2026/05/30 16:42:10 [codio-tools] init terminal-cnVuIGl0ISEh
2026/05/30 16:44:31 [codio-tools] init terminal-YmFja2VuZC0xNzgwMTU5NDcwODAz
2026/05/30 16:44:32 [codio-tools] terminal-YmFja2VuZC0xNzgwMTU5NDcwODAz was destroyed
2026/05/30 16:46:14 [codio-tools] terminal-cnVuIGl0ISEh was destroyed
2026/05/30 16:46:16 [codio-tools] init terminal-cnVuIGl0ISEh
2026/05/30 16:46:34 [codio-tools] terminal-cnVuIGl0ISEh was destroyed
2026/05/30 16:46:36 [codio-tools] init terminal-cnVuIGl0ISEh
2026/05/30 16:46:47 [codio-tools] terminal-cnVuIGl0ISEh was destroyed
2026/05/30 16:46:49 [codio-tools] init terminal-cnVuIGl0ISEh
2026/05/30 16:49:38 [codio-tools] terminal-cnVuIGl0ISEh was destroyed
2026/05/30 16:49:39 [codio-tools] init terminal-cnVuIGl0ISEh
2026/05/30 16:50:13 [codio-tools] terminal-cnVuIGl0ISEh was destroyed
2026/05/31 23:46:48 [codio-tools] Running command: /usr/share/codio-tools/codio-tools terminal 5591
2026/05/31 23:46:48 [codio-tools] Command finished: /usr/share/codio-tools/codio-tools terminal 5591
2026/05/31 23:46:48 [codio-tools] Running command: /usr/share/codio-tools/codio-tools terminal 5591
2026/05/31 23:46:49 [codio-tools] init terminal-cnVuIGl0ISEh
2026/05/31 23:46:59 [codio-tools] terminal-cnVuIGl0ISEh was destroyed
2026/05/31 23:47:01 [codio-tools] init terminal-cnVuIGl0ISEh
2026/05/31 23:58:21 [codio-tools] init terminal-YmFja2VuZC0xNzgwMjcxOTAxMDI1
2026/06/01 00:33:48 [codio-tools] terminal-YmFja2VuZC0xNzgwMjcxOTAxMDI1 was destroyed
2026/06/01 01:24:48 [codio-tools] terminal-cnVuIGl0ISEh was destroyed
2026/06/02 03:09:57 [codio-tools] Running command: /usr/share/codio-tools/codio-tools terminal 5591
2026/06/02 03:09:57 [codio-tools] Command finished: /usr/share/codio-tools/codio-tools terminal 5591
2026/06/02 03:09:57 [codio-tools] Running command: /usr/share/codio-tools/codio-tools terminal 5591
2026/06/02 03:09:58 [codio-tools] init terminal-cnVuIGl0ISEh
2026/06/02 03:50:36 [codio-tools] terminal-cnVuIGl0ISEh was destroyed
2026/06/02 03:50:38 [codio-tools] init terminal-YmFja2VuZC0xNzgwMzcyMjM4MDYz
2026/06/02 04:27:57 [codio-tools] terminal-YmFja2VuZC0xNzgwMzcyMjM4MDYz was destroyed
2026/06/04 14:47:42 [codio-tools] Running command: /usr/share/codio-tools/codio-tools terminal 5591
2026/06/04 14:47:42 [codio-tools] Command finished: /usr/share/codio-tools/codio-tools terminal 5591
2026/06/04 14:47:42 [codio-tools] Running command: /usr/share/codio-tools/codio-tools terminal 5591
2026/06/04 14:47:42 [codio-tools] init terminal-cnVuIGl0ISEh
2026/06/04 15:36:00 [codio-tools] terminal-cnVuIGl0ISEh was destroyed
2026/06/04 15:36:03 [codio-tools] init terminal-YmFja2VuZC0xNzgwNTg3MzYzMTM3
2026/06/04 15:38:03 [codio-tools] init terminal-cnVuIGl0ISEh
2026/06/04 16:54:06 [codio-tools] terminal-YmFja2VuZC0xNzgwNTg3MzYzMTM3 was destroyed
2026/06/04 21:20:24 [codio-tools] Running command: /usr/share/codio-tools/codio-tools terminal 5591
2026/06/04 21:20:24 [codio-tools] Command finished: /usr/share/codio-tools/codio-tools terminal 5591
2026/06/04 21:20:24 [codio-tools] Running command: /usr/share/codio-tools/codio-tools terminal 5591
2026/06/04 21:20:25 [codio-tools] init terminal-cnVuIGl0ISEh
2026/06/04 21:53:47 [codio-tools] terminal-cnVuIGl0ISEh was destroyed
2026/06/04 21:55:31 [codio-tools] Running command: /usr/share/codio-tools/codio-tools terminal 5591
2026/06/04 21:55:31 [codio-tools] Command finished: /usr/share/codio-tools/codio-tools terminal 5591
2026/06/04 21:55:31 [codio-tools] Running command: /usr/share/codio-tools/codio-tools terminal 5591
2026/06/04 21:55:33 [codio-tools] init terminal-cnVuIGl0ISEh
2026/06/04 22:01:59 [codio-tools] terminal-cnVuIGl0ISEh was destroyed
2026/06/05 05:11:32 [codio-tools] Running command: /usr/share/codio-tools/codio-tools terminal 5591
2026/06/05 05:11:32 [codio-tools] Command finished: /usr/share/codio-tools/codio-tools terminal 5591
2026/06/05 05:11:32 [codio-tools] Running command: /usr/share/codio-tools/codio-tools terminal 5591
2026/06/05 05:11:34 [codio-tools] init terminal-cnVuIGl0ISEh
2026/06/05 05:33:45 [codio-tools] terminal-cnVuIGl0ISEh was destroyed
2026/06/05 14:39:05 [codio-tools] Running command: /usr/share/codio-tools/codio-tools terminal 5591
2026/06/05 14:39:05 [codio-tools] Command finished: /usr/share/codio-tools/codio-tools terminal 5591
2026/06/05 14:39:05 [codio-tools] Running command: /usr/share/codio-tools/codio-tools terminal 5591
2026/06/05 14:39:05 [codio-tools] init terminal-cnVuIGl0ISEh
2026/06/05 14:39:06 [codio-tools] terminal-cnVuIGl0ISEh was destroyed
2026/06/05 14:39:17 [codio-tools] init terminal-cnVuIGl0ISEh
2026/06/05 15:00:55 [codio-tools] init terminal-YmFja2VuZC0xNzgwNjcxNjU0NzQ2
2026/06/05 15:34:04 [codio-tools] terminal-cnVuIGl0ISEh was destroyed
2026/06/05 15:34:04 [codio-tools] terminal-YmFja2VuZC0xNzgwNjcxNjU0NzQ2 was destroyed
2026/06/05 18:05:26 [codio-tools] Running command: /usr/share/codio-tools/codio-tools terminal 5591
2026/06/05 18:05:26 [codio-tools] Command finished: /usr/share/codio-tools/codio-tools terminal 5591
2026/06/05 18:05:26 [codio-tools] Running command: /usr/share/codio-tools/codio-tools terminal 5591
2026/06/05 18:05:27 [codio-tools] init terminal-YmFja2VuZC0xNzgwNjcxNjU0NzQ2
2026/06/05 18:22:29 [codio-tools] terminal-YmFja2VuZC0xNzgwNjcxNjU0NzQ2 was destroyed
2026/06/06 03:27:44 [codio-tools] Running command: /usr/share/codio-tools/codio-tools terminal 5591
2026/06/06 03:27:45 [codio-tools] Command finished: /usr/share/codio-tools/codio-tools terminal 5591
2026/06/06 03:27:45 [codio-tools] Running command: /usr/share/codio-tools/codio-tools terminal 5591
2026/06/06 03:27:47 [codio-tools] init terminal-YmFja2VuZC0xNzgwNjcxNjU0NzQ2
2026/06/06 03:34:29 [codio-tools] init terminal-YmFja2VuZC0xNzgwNzE2ODY5NDUw
2026/06/06 03:34:31 [codio-tools] terminal-YmFja2VuZC0xNzgwNzE2ODY5NDUw was destroyed
2026/06/06 04:07:58 [codio-tools] terminal-YmFja2VuZC0xNzgwNjcxNjU0NzQ2 was destroyed
2026/06/09 03:21:43 [codio-tools] Running command: /usr/share/codio-tools/codio-tools terminal 5591
2026/06/09 03:21:43 [codio-tools] Command finished: /usr/share/codio-tools/codio-tools terminal 5591
2026/06/09 03:21:43 [codio-tools] Running command: /usr/share/codio-tools/codio-tools terminal 5591
2026/06/09 03:21:43 [codio-tools] init terminal-cnVuIGl0ISEh
2026/06/09 04:41:58 [codio-tools] terminal-cnVuIGl0ISEh was destroyed
2026/06/10 02:51:34 [codio-tools] Running command: /usr/share/codio-tools/codio-tools terminal 5591
2026/06/10 02:51:34 [codio-tools] Command finished: /usr/share/codio-tools/codio-tools terminal 5591
2026/06/10 02:51:34 [codio-tools] Running command: /usr/share/codio-tools/codio-tools terminal 5591
2026/06/10 02:51:34 [codio-tools] init terminal-cnVuIGl0ISEh
2026/06/10 03:28:12 [codio-tools] terminal-cnVuIGl0ISEh was destroyed
2026/06/10 04:29:38 [codio-tools] Running command: /usr/share/codio-tools/codio-tools terminal 5591
2026/06/10 04:29:38 [codio-tools] Command finished: /usr/share/codio-tools/codio-tools terminal 5591
2026/06/10 04:29:38 [codio-tools] Running command: /usr/share/codio-tools/codio-tools terminal 5591
2026/06/10 04:29:40 [codio-tools] init terminal-YmFja2VuZC0xNzgwNjcxNjU0NzQ2
2026/06/10 04:29:40 [codio-tools] terminal-YmFja2VuZC0xNzgwNjcxNjU0NzQ2 was destroyed
2026/06/10 04:29:40 [codio-tools] init terminal-cnVuIGl0ISEh
2026/06/10 04:31:50 [codio-tools] terminal-cnVuIGl0ISEh was destroyed
2026/06/10 04:32:02 [codio-tools] init terminal-cnVuIGl0ISEh
2026/06/10 04:32:12 [codio-tools] init terminal-aW50ZXJhY3RpdmUgcHl0aG9u
2026/06/10 04:32:50 [codio-tools] terminal-aW50ZXJhY3RpdmUgcHl0aG9u was destroyed
2026/06/10 04:33:05 [codio-tools] Running command: /usr/share/codio-tools/codio-tools terminal 5591
2026/06/10 04:33:05 [codio-tools] Command finished: /usr/share/codio-tools/codio-tools terminal 5591
2026/06/10 04:33:05 [codio-tools] Running command: /usr/share/codio-tools/codio-tools terminal 5591
2026/06/10 04:33:06 [codio-tools] init terminal-cnVuIGl0ISEh
2026/06/10 05:13:46 [codio-tools] terminal-cnVuIGl0ISEh was destroyed
2026/06/10 18:21:28 [codio-tools] Running command: /usr/share/codio-tools/codio-tools terminal 5591
2026/06/10 18:21:28 [codio-tools] Command finished: /usr/share/codio-tools/codio-tools terminal 5591
2026/06/10 18:21:28 [codio-tools] Running command: /usr/share/codio-tools/codio-tools terminal 5591
2026/06/10 18:21:30 [codio-tools] init terminal-cnVuIGl0ISEh
2026/06/10 18:54:38 [codio-tools] terminal-cnVuIGl0ISEh was destroyed
2026/06/10 18:54:39 [codio-tools] init terminal-cnVuIGl0ISEh
2026/06/10 18:54:50 [codio-tools] terminal-cnVuIGl0ISEh was destroyed
2026/06/10 18:54:55 [codio-tools] init terminal-cnVuIGl0ISEh
2026/06/10 19:07:02 [codio-tools] terminal-cnVuIGl0ISEh was destroyed
2026/06/10 19:07:05 [codio-tools] init terminal-cnVuIGl0ISEh
2026/06/10 19:07:08 [codio-tools] terminal-cnVuIGl0ISEh was destroyed
2026/06/10 19:07:10 [codio-tools] init terminal-YmFja2VuZC0xNzgxMTE4NDI5ODkw
2026/06/10 19:12:38 [codio-tools] init terminal-cnVuIGl0ISEh
2026/06/10 20:32:42 [codio-tools] terminal-cnVuIGl0ISEh was destroyed
2026/06/10 20:32:44 [codio-tools] init terminal-cnVuIGl0ISEh
2026/06/10 21:01:54 [codio-tools] terminal-cnVuIGl0ISEh was destroyed
2026/06/10 21:01:54 [codio-tools] terminal-YmFja2VuZC0xNzgxMTE4NDI5ODkw was destroyed
2026/06/11 22:29:05 [codio-tools] Running command: /usr/share/codio-tools/codio-tools terminal 5591
2026/06/11 22:29:05 [codio-tools] Command finished: /usr/share/codio-tools/codio-tools terminal 5591
2026/06/11 22:29:05 [codio-tools] Running command: /usr/share/codio-tools/codio-tools terminal 5591
2026/06/11 22:29:07 [codio-tools] init terminal-YmFja2VuZC0xNzgxMTE4NDI5ODkw
2026/06/11 22:30:57 [codio-tools] init terminal-cnVuIGl0ISEh
2026/06/11 22:52:21 [codio-tools] terminal-YmFja2VuZC0xNzgxMTE4NDI5ODkw was destroyed
2026/06/11 22:52:22 [codio-tools] terminal-cnVuIGl0ISEh was destroyed
2026/06/11 22:52:48 [codio-tools] init terminal-cnVuIGl0ISEh
2026/06/12 00:07:52 [codio-tools] terminal-cnVuIGl0ISEh was destroyed
2026/06/12 22:35:40 [codio-tools] Running command: /usr/share/codio-tools/codio-tools terminal 5591
2026/06/12 22:35:40 [codio-tools] Command finished: /usr/share/codio-tools/codio-tools terminal 5591
2026/06/12 22:35:40 [codio-tools] Running command: /usr/share/codio-tools/codio-tools terminal 5591
2026/06/12 22:35:40 [codio-tools] Running command: /usr/share/codio-tools/codio-tools terminal 5591
2026/06/12 22:35:40 [codio-tools] Command finished: /usr/share/codio-tools/codio-tools terminal 5591
2026/06/12 22:35:40 [codio-tools] Running command: /usr/share/codio-tools/codio-tools terminal 5591
2026/06/12 22:35:40 [codio-tools] Command finished: /usr/share/codio-tools/codio-tools terminal 5591
2026/06/12 22:35:40 [codio-tools] init terminal-YmFja2VuZC0xNzgxMzAzNzM4ODgw
2026/06/12 22:35:41 [codio-tools] init terminal-cnVuIGl0ISEh
